{
  "pipeline": {
    "description": "Pipeline for parsing elasticsearch gc-log logs",
    "processors": [
      {
        "grok": {
          "field": "message",
          "patterns": [
            "%{GCTIMESTAMP}: %{PROCRUNTIME}: Total time for which application threads were stopped: %{BASE10NUM:elasticsearch.gc-log.threads_total_stop_time_secs} seconds, Stopping threads took: %{BASE10NUM:elasticsearch.gc-log.stopping_threads_time_secs} seconds",
            "%{GCTIMESTAMP}: %{PROCRUNTIME}: \\[%{PHASELABEL:phase}\\]",
            "%{GC_OP} %{MARKPHASE} %{TIMES}",
            "%{GCTIMESTAMP}: %{PROCRUNTIME}: \\[%{DATA:elasticsearch.gc-log.cms.phase}: %{BASE10NUM:elasticsearch.gc-log.cms.elapsed_secs}/%{BASE10NUM:elasticsearch.gc-log.cms.clock_secs} secs\\] %{TIMES}",
            "%{GC_OP} \\[YG occupancy: %{BASE10NUM:elasticsearch.gc-log.cms.young_gen_occupancy_before_remark_kb} K \\(%{BASE10NUM:elasticsearch.gc-log.cms.young_gen_total_kb} K\\)\\]%{BASE10NUM:elasticsearch.gc-log.cms.relative_process_time_at_rescan_secs}: \\[Rescan \\(parallel\\) , %{BASE10NUM:elasticsearch.gc-log.cms.parallel_rescan_took_time_secs} secs\\]%{BASE10NUM:elasticsearch.gc-log.cms.relative_process_time_at_weak_refs_processing_secs}: \\[weak refs processing, %{BASE10NUM:elasticsearch.gc-log.cms.weak_refs_processing_took_time_secs} secs\\]%{BASE10NUM:elasticsearch.gc-log.cms.relative_process_time_at_class_unloading_secs}: \\[class unloading, %{BASE10NUM:elasticsearch.gc-log.cms.class_unload_took_time_secs} secs\\]%{BASE10NUM:elasticsearch.gc-log.cms.relative_process_time_at_scrub_symbol_table_secs}: \\[scrub symbol table, %{BASE10NUM:elasticsearch.gc-log.cms.scrub_symbol_table_took_time_secs} secs\\]%{BASE10NUM:elasticsearch.gc-log.cms.relative_process_time_at_scrub_string_table_secs}: \\[scrub string table, %{BASE10NUM:elasticsearch.gc-log.cms.scrub_string_table_took_time_secs} secs\\]%{MARKPHASE} %{TIMES}",
            "%{GC_OP} %{BASE10NUM}: \\[ParNew\\\nDesired survivor size %{BASE10NUM:elasticsearch.gc-log.cms.desired_survivor_size_bytes} bytes, new threshold %{BASE10NUM:elasticsearch.gc-log.cms.new_threshold} \\(max %{BASE10NUM:elasticsearch.gc-log.cms.new_threshold_max}\\)\\\n%{AGE:elasticsearch.gc-log.cms.age}: %{BASE10NUM:elasticsearch.gc-log.cms.young_before_kilobytes}K-\\>%{BASE10NUM:elasticsearch.gc-log.cms.young_after_kilobytes}K\\(%{BASE10NUM:elasticsearch.gc-log.cms.young_space_kilobytes}K\\), %{BASE10NUM:elasticsearch.gc-log.cms.time_spent_secs} secs\\] %{BASE10NUM:elasticsearch.gc-log.cms.heap_before_kilobytes}K-\\>%{BASE10NUM:elasticsearch.gc-log.cms.heap_after_kilobytes}K\\(%{BASE10NUM:elasticsearch.gc-log.cms.heap_size_kilobytes}K\\), %{BASE10NUM:elasticsearch.gc-log.cms.time_spent_heap_secs} secs\\] %{TIMES}"
          ],
          "pattern_definitions": {
            "GCTIMESTAMP": "%{TIMESTAMP_ISO8601:elasticsearch.gc-log.timestamp}",
            "PROCRUNTIME": "%{BASE10NUM:elasticsearch.gc-log.relative_process_timestamp_secs}",
            "GC_OP": "%{GCTIMESTAMP}: %{PROCRUNTIME}: \\[GC \\(%{DATA:elasticsearch.gc-log.cms.phase}\\)",
            "PHASELABEL": "([[:word:]]+-)+[[:word:]]+",
            "TIMES": "\\[Times: user=%{BASE10NUM:elasticsearch.gc-log.times.user_secs} sys=%{BASE10NUM:elasticsearch.gc-log.times.sys_secs}, real=%{BASE10NUM:elasticsearch.gc-log.times.real_secs} secs\\]",
            "AGE": "(- (age\\s+\\d{1,3}):\\s+(\\d+)\\sbytes,\\s+(\\d+)\\stotal\\\n)+",
            "MARKPHASELABEL": "%{INT} %{PHASELABEL}",
            "MARKPHASE": "\\[%{MARKPHASELABEL:elasticsearch.gc-log.cms.mark_phase.name}: %{BASE10NUM:elasticsearch.gc-log.cms.mark_phase.old_gen_occupancy_kb}K\\(%{BASE10NUM:elasticsearch.gc-log.cms.mark_phase.old_gen_size_kb}K\\)\\] %{BASE10NUM:elasticsearch.gc-log.cms.mark_phase.heap_occupancy_kb}K\\(%{BASE10NUM:elasticsearch.gc-log.cms.mark_phase.heap_size_kb}K\\), %{BASE10NUM:elasticsearch.gc-log.cms.mark_phase.pause_time_secs} secs\\]"
          }
        }
      },
      {
        "split": {
          "field": "elasticsearch.gc-log.cms.age",
          "separator": "\n",
          "ignore_missing": true
        }
      }
    ],
    "on_failure": [
      {
        "set": {
          "field": "error.message",
          "value": "{{ _ingest.on_failure_message }}"
        }
      }
    ]
  },
  "docs": [
    {
      "_source": {
        "message": "2018-03-03T15:33:55.506+0500: 7.667: [GC (CMS Initial Mark) [1 CMS-initial-mark: 51170K(174784K)] 61325K(253440K), 0.0030188 secs] [Times: user=0.01 sys=0.00, real=0.00 secs]"
      }
    },
    {
      "_source": {
        "message": "2018-03-03T15:33:51.431+0500: 3.592: [GC (CMS Final Remark) [YG occupancy: 8892 K (78656 K)]3.592: [Rescan (parallel) , 0.0033745 secs]3.596: [weak refs processing, 0.0000890 secs]3.596: [class unloading, 0.0032617 secs]3.599: [scrub symbol table, 0.0028165 secs]3.602: [scrub string table, 0.0004382 secs][1 CMS-remark: 17565K(174784K)] 26457K(253440K), 0.0110080 secs] [Times: user=0.03 sys=0.00, real=0.01 secs]"
      }
    },
    {
      "_source": {
        "message": "2018-03-03T15:33:48.413+0500: 0.575: Total time for which application threads were stopped: 0.0001411 seconds, Stopping threads took: 0.0000111 seconds"
      }
    },
    {
      "_source": {
        "message": "2018-03-03T15:33:50.905+0500: 3.067: [CMS-concurrent-mark-start]"
      }
    },
    {
      "_source": {
        "message": "2018-03-03T15:33:50.925+0500: 3.087: [CMS-concurrent-mark: 0.020/0.020 secs] [Times: user=0.06 sys=0.01, real=0.02 secs]"
      }
    },
    {
      "_source": {
        "message": "2018-03-03T15:33:50.926+0500: 3.088: [CMS-concurrent-preclean: 0.001/0.001 secs] [Times: user=0.01 sys=0.00, real=0.00 secs]"
      }
    },
    {
      "_source": {
        "message": "2018-03-03T15:33:51.431+0500: 3.592: [CMS-concurrent-abortable-preclean: 0.249/0.504 secs] [Times: user=1.45 sys=0.06, real=0.51 secs]"
      }
    },
    {
      "_source": {
        "message": "2018-03-03T17:03:33.763+0500: 5385.735: [GC (Allocation Failure) 5385.735: [ParNew\nDesired survivor size 4456448 bytes, new threshold 1 (max 6)\n- age   1:    6477160 bytes,    6477160 total\n- age   2:      94840 bytes,    6572000 total\n- age   3:     189296 bytes,    6761296 total\n- age   4:     136032 bytes,    6897328 total\n- age   5:     136504 bytes,    7033832 total\n- age   6:     147136 bytes,    7180968 total\n: 74067K->8045K(78656K), 0.0037785 secs] 192146K->126269K(253440K), 0.0040108 secs] [Times: user=0.01 sys=0.00, real=0.00 secs]"
      }
    },
    {
      "_source": {
        "message": "2018-03-06T22:29:07.475+0500: 4.154: [CMS-concurrent-sweep-start]"
      }
    },
    {
      "_source": {
        "message": "2018-03-06T22:29:07.483+0500: 4.162: [CMS-concurrent-sweep: 0.008/0.008 secs] [Times: user=0.03 sys=0.00, real=0.01 secs]"
      }
    },
    {
      "_source": {
        "message": "2018-03-06T22:29:07.483+0500: 4.162: [CMS-concurrent-reset-start]"
      }
    },
    {
      "_source": {
        "message": "2018-03-06T22:29:07.484+0500: 4.163: [CMS-concurrent-reset: 0.000/0.000 secs] [Times: user=0.00 sys=0.00, real=0.00 secs]"
      }
    },
    {
      "_source": {
        "message": "2018-03-06T22:29:11.030+0500: 7.708: [CMS-concurrent-preclean-start]"
      }
    },
    {
      "_source": {
        "message": "2018-03-07T09:40:34.953+0500: 5702.489: [GC (GCLocker Initiated GC) 5702.489: [ParNew\nDesired survivor size 4456448 bytes, new threshold 6 (max 6)\n- age   1:       1800 bytes,       1800 total\n- age   2:    1379024 bytes,    1380824 total\n- age   3:      65648 bytes,    1446472 total\n- age   4:     366520 bytes,    1812992 total\n- age   5:     294744 bytes,    2107736 total\n- age   6:     373760 bytes,    2481496 total\n: 4309K->2895K(78656K), 0.0040935 secs] 119524K->118154K(253440K), 0.0043964 secs] [Times: user=0.01 sys=0.00, real=0.00 secs]"
      }
    }
  ]
}